%!Adobe-FontList 1.23
%Locale:0x409

%BeginFont
Handler:DirectoryHandler
FontType:Invalid
OutlineFileName:/Users/osx/Dropbox/287_JOINTLY/2022/61_CLIENTI_Leonardo/__Leonardo Share/2024/Benessere Familiare/Banner/Banner Summer Camp/_file aperti/LEONARDO_Banner_1050x1030_01 Folder/Document fonts/AdobeFnt23.lst
FileLength:1428
FileModTime:737566341
%EndFont

%BeginFont
Handler:DirectoryHandler
FontType:Type1
FontName:TekneLDO-Bold
FamilyName:Tekne LDO
StyleName:Bold
MenuName:Tekne LDO
StyleBits:2
WeightClass:700
WidthClass:5
AngleClass:0
FullName:Tekne LDO Bold
WritingScript:Roman
OutlineFileName:/Users/osx/Dropbox/287_JOINTLY/2022/61_CLIENTI_Leonardo/__Leonardo Share/2024/Benessere Familiare/Banner/Banner Summer Camp/_file aperti/LEONARDO_Banner_1050x1030_01 Folder/Document fonts/TekneLDO-Bold.otf
DataFormat:sfntData
UsesStandardEncoding:yes
isCFF:yes
hasSVG:no
hasCOLR:no
VariableFontType:NonVariableFont
FileLength:153544
FileModTime:654878990
NameArray:0,Mac,4,Tekne LDO Bold
NameArray:0,Win,1,Tekne LDO
%EndFont

%BeginFont
Handler:DirectoryHandler
FontType:Type1
FontName:TekneLDO-Medium
FamilyName:Tekne LDO
StyleName:Medium
MenuName:Tekne LDO Medium
StyleBits:0
WeightClass:500
WidthClass:5
AngleClass:0
FullName:Tekne LDO Medium
WritingScript:Roman
OutlineFileName:/Users/osx/Dropbox/287_JOINTLY/2022/61_CLIENTI_Leonardo/__Leonardo Share/2024/Benessere Familiare/Banner/Banner Summer Camp/_file aperti/LEONARDO_Banner_1050x1030_01 Folder/Document fonts/TekneLDO-Medium.otf
DataFormat:sfntData
UsesStandardEncoding:yes
isCFF:yes
hasSVG:no
hasCOLR:no
VariableFontType:NonVariableFont
FileLength:151452
FileModTime:654878990
NameArray:0,Mac,4,Tekne LDO Medium
NameArray:0,Win,1,Tekne LDO Medium
NameArray:0,Win,16,Tekne LDO
%EndFont

