%!Adobe-FontList 1.23
%Locale:0x409

%BeginFont
Handler:DirectoryHandler
FontType:Invalid
OutlineFileName:/Users/osx/Dropbox/287_JOINTLY/2022/61_CLIENTI_Leonardo/__Leonardo Share/2024/Benessere Familiare/Flyer/_file aperti/LEONARDO_Flyer_BenessereFamiliare_05_A4 Folder/Document fonts/AdobeFnt23.lst
FileLength:5007
FileModTime:737565836
%EndFont

%BeginFont
Handler:DirectoryHandler
FontType:TrueType
FontName:PublicSans-Bold
FamilyName:Public Sans
StyleName:Bold
MenuName:Public Sans
StyleBits:2
WeightClass:700
WidthClass:5
AngleClass:0
FullName:Public Sans Bold
WritingScript:Roman
OutlineFileName:/Users/osx/Dropbox/287_JOINTLY/2022/61_CLIENTI_Leonardo/__Leonardo Share/2024/Benessere Familiare/Flyer/_file aperti/LEONARDO_Flyer_BenessereFamiliare_05_A4 Folder/Document fonts/PublicSans-Bold.ttf
DataFormat:sfntData
hasSVG:no
hasCOLR:no
VariableFontType:NonVariableFont
FileLength:56580
FileModTime:581551200
NameArray:0,Win,1,Public Sans
%EndFont

%BeginFont
Handler:DirectoryHandler
FontType:TrueType
FontName:PublicSans-Light
FamilyName:Public Sans
StyleName:Light
MenuName:Public Sans Light
StyleBits:0
WeightClass:300
WidthClass:5
AngleClass:0
FullName:Public Sans Light
WritingScript:Roman
OutlineFileName:/Users/osx/Dropbox/287_JOINTLY/2022/61_CLIENTI_Leonardo/__Leonardo Share/2024/Benessere Familiare/Flyer/_file aperti/LEONARDO_Flyer_BenessereFamiliare_05_A4 Folder/Document fonts/PublicSans-Light.ttf
DataFormat:sfntData
hasSVG:no
hasCOLR:no
VariableFontType:NonVariableFont
FileLength:56452
FileModTime:581551200
NameArray:0,Win,1,Public Sans Light
NameArray:0,Win,16,Public Sans
%EndFont

%BeginFont
Handler:DirectoryHandler
FontType:TrueType
FontName:PublicSans-Regular
FamilyName:Public Sans
StyleName:Regular
MenuName:Public Sans
StyleBits:0
WeightClass:400
WidthClass:5
AngleClass:0
FullName:Public Sans Regular
WritingScript:Roman
OutlineFileName:/Users/osx/Dropbox/287_JOINTLY/2022/61_CLIENTI_Leonardo/__Leonardo Share/2024/Benessere Familiare/Flyer/_file aperti/LEONARDO_Flyer_BenessereFamiliare_05_A4 Folder/Document fonts/PublicSans-Regular.ttf
DataFormat:sfntData
hasSVG:no
hasCOLR:no
VariableFontType:NonVariableFont
FileLength:56424
FileModTime:581551200
NameArray:0,Win,1,Public Sans
%EndFont

%BeginFont
Handler:DirectoryHandler
FontType:Type1
FontName:TekneLDO-Bold
FamilyName:Tekne LDO
StyleName:Bold
MenuName:Tekne LDO
StyleBits:2
WeightClass:700
WidthClass:5
AngleClass:0
FullName:Tekne LDO Bold
WritingScript:Roman
OutlineFileName:/Users/osx/Dropbox/287_JOINTLY/2022/61_CLIENTI_Leonardo/__Leonardo Share/2024/Benessere Familiare/Flyer/_file aperti/LEONARDO_Flyer_BenessereFamiliare_05_A4 Folder/Document fonts/TekneLDO-Bold.otf
DataFormat:sfntData
UsesStandardEncoding:yes
isCFF:yes
hasSVG:no
hasCOLR:no
VariableFontType:NonVariableFont
FileLength:153544
FileModTime:654878990
NameArray:0,Mac,4,Tekne LDO Bold
NameArray:0,Win,1,Tekne LDO
%EndFont

%BeginFont
Handler:DirectoryHandler
FontType:Type1
FontName:TekneLDO-ExtraBold
FamilyName:Tekne LDO
StyleName:ExtraBold
MenuName:Tekne LDO ExtraBold
StyleBits:0
WeightClass:800
WidthClass:5
AngleClass:0
FullName:Tekne LDO ExtraBold
WritingScript:Roman
OutlineFileName:/Users/osx/Dropbox/287_JOINTLY/2022/61_CLIENTI_Leonardo/__Leonardo Share/2024/Benessere Familiare/Flyer/_file aperti/LEONARDO_Flyer_BenessereFamiliare_05_A4 Folder/Document fonts/TekneLDO-ExtraBold.otf
DataFormat:sfntData
UsesStandardEncoding:yes
isCFF:yes
hasSVG:no
hasCOLR:no
VariableFontType:NonVariableFont
FileLength:153276
FileModTime:654878990
NameArray:0,Mac,4,Tekne LDO ExtraBold
NameArray:0,Win,1,Tekne LDO ExtraBold
NameArray:0,Win,16,Tekne LDO
%EndFont

%BeginFont
Handler:DirectoryHandler
FontType:Type1
FontName:TekneLDO-Medium
FamilyName:Tekne LDO
StyleName:Medium
MenuName:Tekne LDO Medium
StyleBits:0
WeightClass:500
WidthClass:5
AngleClass:0
FullName:Tekne LDO Medium
WritingScript:Roman
OutlineFileName:/Users/osx/Dropbox/287_JOINTLY/2022/61_CLIENTI_Leonardo/__Leonardo Share/2024/Benessere Familiare/Flyer/_file aperti/LEONARDO_Flyer_BenessereFamiliare_05_A4 Folder/Document fonts/TekneLDO-Medium.otf
DataFormat:sfntData
UsesStandardEncoding:yes
isCFF:yes
hasSVG:no
hasCOLR:no
VariableFontType:NonVariableFont
FileLength:151452
FileModTime:654878990
NameArray:0,Mac,4,Tekne LDO Medium
NameArray:0,Win,1,Tekne LDO Medium
NameArray:0,Win,16,Tekne LDO
%EndFont

%BeginFont
Handler:DirectoryHandler
FontType:Type1
FontName:TekneLDO-Regular
FamilyName:Tekne LDO
StyleName:Regular
MenuName:Tekne LDO
StyleBits:0
WeightClass:400
WidthClass:5
AngleClass:0
FullName:Tekne LDO Regular
WritingScript:Roman
OutlineFileName:/Users/osx/Dropbox/287_JOINTLY/2022/61_CLIENTI_Leonardo/__Leonardo Share/2024/Benessere Familiare/Flyer/_file aperti/LEONARDO_Flyer_BenessereFamiliare_05_A4 Folder/Document fonts/TekneLDO-Regular.otf
DataFormat:sfntData
UsesStandardEncoding:yes
isCFF:yes
hasSVG:no
hasCOLR:no
VariableFontType:NonVariableFont
FileLength:147824
FileModTime:654878989
NameArray:0,Mac,4,Tekne LDO Regular
NameArray:0,Win,1,Tekne LDO
%EndFont

